---
source: tests/cli.rs
expression: stdout
---
Total: <SIZE>

Category Summary:
  build <SIZE> <PCT>  1 items  (rebuildable)
  cache <SIZE> <PCT>  1 items  (safely deletable)
  log <SIZE> <PCT>  1 items  (usually deletable)
  other <SIZE> <PCT>  2 items
  vcs <SIZE> <PCT>  1 items

Potentially reclaimable: <SIZE> (cache + build + log)
